// Jest Snapshot v1, https://goo.gl/fbAQLP

exports[`Home Component should render properly 1`] = `
ShallowWrapper {
  Symbol(enzyme.__root__): [Circular],
  Symbol(enzyme.__unrendered__): <Home
    generatePhones={[MockFunction]}
    handleInputChange={[MockFunction]}
    handlePageChange={[MockFunction]}
    onClick={[MockFunction]}
    updatePhoneNumbers={[MockFunction]}
  />,
  Symbol(enzyme.__renderer__): Object {
    "batchedUpdates": [Function],
    "checkPropTypes": [Function],
    "getNode": [Function],
    "render": [Function],
    "simulateError": [Function],
    "simulateEvent": [Function],
    "unmount": [Function],
  },
  Symbol(enzyme.__node__): Object {
    "instance": null,
    "key": undefined,
    "nodeType": "host",
    "props": Object {
      "children": Array [
        <section
          className="input-group"
        >
          <input
            className="form-control"
            name="number"
            onChange={[Function]}
            placeholder="You can only generate 10000 phone numbers, so as not to exceed the limit"
            type="number"
            value=""
          />
          <div
            className="input-group-append"
          >
            <button
              className="btn my-button"
              onClick={[Function]}
            >
              Generate Phone Numbers
            </button>
          </div>
        </section>,
        <Error />,
        <section>
          List of phone numbers
          <div
            className="card"
          >
            <div
              className="card-body card-table"
            >
              <div
                className="card-title in-line"
              >
                <Sorter
                  onChange={[Function]}
                  phoneNumbers={Array []}
                />
              </div>
              <div
                className="stats"
              >
                <MinMaxPhoneNumber
                  max={null}
                  min={null}
                  phoneNumbers={Array []}
                  total={0}
                />
              </div>
              <table
                className="table table-striped table-bordered table-sm"
              >
                <thead>
                  <tr>
                    <th>
                      Number
                    </th>
                    <th>
                      Phone Number
                    </th>
                  </tr>
                </thead>
                <tbody>
                  <span
                    style={
                      Object {
                        "padding": "10px",
                      }
                    }
                  >
                    No phone numbers yet, generate some
                  </span>
                </tbody>
              </table>
            </div>
          </div>
        </section>,
      ],
      "className": "container mt-3",
    },
    "ref": null,
    "rendered": Array [
      Object {
        "instance": null,
        "key": undefined,
        "nodeType": "host",
        "props": Object {
          "children": Array [
            <input
              className="form-control"
              name="number"
              onChange={[Function]}
              placeholder="You can only generate 10000 phone numbers, so as not to exceed the limit"
              type="number"
              value=""
            />,
            <div
              className="input-group-append"
            >
              <button
                className="btn my-button"
                onClick={[Function]}
              >
                Generate Phone Numbers
              </button>
            </div>,
          ],
          "className": "input-group",
        },
        "ref": null,
        "rendered": Array [
          Object {
            "instance": null,
            "key": undefined,
            "nodeType": "host",
            "props": Object {
              "className": "form-control",
              "name": "number",
              "onChange": [Function],
              "placeholder": "You can only generate 10000 phone numbers, so as not to exceed the limit",
              "type": "number",
              "value": "",
            },
            "ref": null,
            "rendered": null,
            "type": "input",
          },
          Object {
            "instance": null,
            "key": undefined,
            "nodeType": "host",
            "props": Object {
              "children": <button
                className="btn my-button"
                onClick={[Function]}
              >
                Generate Phone Numbers
              </button>,
              "className": "input-group-append",
            },
            "ref": null,
            "rendered": Object {
              "instance": null,
              "key": undefined,
              "nodeType": "host",
              "props": Object {
                "children": "Generate Phone Numbers",
                "className": "btn my-button",
                "onClick": [Function],
              },
              "ref": null,
              "rendered": "Generate Phone Numbers",
              "type": "button",
            },
            "type": "div",
          },
        ],
        "type": "section",
      },
      Object {
        "instance": null,
        "key": undefined,
        "nodeType": "function",
        "props": Object {
          "error": undefined,
          "message": undefined,
        },
        "ref": null,
        "rendered": null,
        "type": [Function],
      },
      Object {
        "instance": null,
        "key": undefined,
        "nodeType": "host",
        "props": Object {
          "children": Array [
            "List of phone numbers",
            <div
              className="card"
            >
              <div
                className="card-body card-table"
              >
                <div
                  className="card-title in-line"
                >
                  <Sorter
                    onChange={[Function]}
                    phoneNumbers={Array []}
                  />
                </div>
                <div
                  className="stats"
                >
                  <MinMaxPhoneNumber
                    max={null}
                    min={null}
                    phoneNumbers={Array []}
                    total={0}
                  />
                </div>
                <table
                  className="table table-striped table-bordered table-sm"
                >
                  <thead>
                    <tr>
                      <th>
                        Number
                      </th>
                      <th>
                        Phone Number
                      </th>
                    </tr>
                  </thead>
                  <tbody>
                    <span
                      style={
                        Object {
                          "padding": "10px",
                        }
                      }
                    >
                      No phone numbers yet, generate some
                    </span>
                  </tbody>
                </table>
              </div>
            </div>,
          ],
        },
        "ref": null,
        "rendered": Array [
          "List of phone numbers",
          Object {
            "instance": null,
            "key": undefined,
            "nodeType": "host",
            "props": Object {
              "children": <div
                className="card-body card-table"
              >
                <div
                  className="card-title in-line"
                >
                  <Sorter
                    onChange={[Function]}
                    phoneNumbers={Array []}
                  />
                </div>
                <div
                  className="stats"
                >
                  <MinMaxPhoneNumber
                    max={null}
                    min={null}
                    phoneNumbers={Array []}
                    total={0}
                  />
                </div>
                <table
                  className="table table-striped table-bordered table-sm"
                >
                  <thead>
                    <tr>
                      <th>
                        Number
                      </th>
                      <th>
                        Phone Number
                      </th>
                    </tr>
                  </thead>
                  <tbody>
                    <span
                      style={
                        Object {
                          "padding": "10px",
                        }
                      }
                    >
                      No phone numbers yet, generate some
                    </span>
                  </tbody>
                </table>
              </div>,
              "className": "card",
            },
            "ref": null,
            "rendered": Object {
              "instance": null,
              "key": undefined,
              "nodeType": "host",
              "props": Object {
                "children": Array [
                  <div
                    className="card-title in-line"
                  >
                    <Sorter
                      onChange={[Function]}
                      phoneNumbers={Array []}
                    />
                  </div>,
                  <div
                    className="stats"
                  >
                    <MinMaxPhoneNumber
                      max={null}
                      min={null}
                      phoneNumbers={Array []}
                      total={0}
                    />
                  </div>,
                  <table
                    className="table table-striped table-bordered table-sm"
                  >
                    <thead>
                      <tr>
                        <th>
                          Number
                        </th>
                        <th>
                          Phone Number
                        </th>
                      </tr>
                    </thead>
                    <tbody>
                      <span
                        style={
                          Object {
                            "padding": "10px",
                          }
                        }
                      >
                        No phone numbers yet, generate some
                      </span>
                    </tbody>
                  </table>,
                ],
                "className": "card-body card-table",
              },
              "ref": null,
              "rendered": Array [
                Object {
                  "instance": null,
                  "key": undefined,
                  "nodeType": "host",
                  "props": Object {
                    "children": Array [
                      <Sorter
                        onChange={[Function]}
                        phoneNumbers={Array []}
                      />,
                      null,
                    ],
                    "className": "card-title in-line",
                  },
                  "ref": null,
                  "rendered": Array [
                    Object {
                      "instance": null,
                      "key": undefined,
                      "nodeType": "function",
                      "props": Object {
                        "onChange": [Function],
                        "phoneNumbers": Array [],
                      },
                      "ref": null,
                      "rendered": null,
                      "type": [Function],
                    },
                    null,
                  ],
                  "type": "div",
                },
                Object {
                  "instance": null,
                  "key": undefined,
                  "nodeType": "host",
                  "props": Object {
                    "children": <MinMaxPhoneNumber
                      max={null}
                      min={null}
                      phoneNumbers={Array []}
                      total={0}
                    />,
                    "className": "stats",
                  },
                  "ref": null,
                  "rendered": Object {
                    "instance": null,
                    "key": undefined,
                    "nodeType": "function",
                    "props": Object {
                      "max": null,
                      "min": null,
                      "phoneNumbers": Array [],
                      "total": 0,
                    },
                    "ref": null,
                    "rendered": null,
                    "type": [Function],
                  },
                  "type": "div",
                },
                Object {
                  "instance": null,
                  "key": undefined,
                  "nodeType": "host",
                  "props": Object {
                    "children": Array [
                      <thead>
                        <tr>
                          <th>
                            Number
                          </th>
                          <th>
                            Phone Number
                          </th>
                        </tr>
                      </thead>,
                      <tbody>
                        <span
                          style={
                            Object {
                              "padding": "10px",
                            }
                          }
                        >
                          No phone numbers yet, generate some
                        </span>
                      </tbody>,
                    ],
                    "className": "table table-striped table-bordered table-sm",
                  },
                  "ref": null,
                  "rendered": Array [
                    Object {
                      "instance": null,
                      "key": undefined,
                      "nodeType": "host",
                      "props": Object {
                        "children": <tr>
                          <th>
                            Number
                          </th>
                          <th>
                            Phone Number
                          </th>
                        </tr>,
                      },
                      "ref": null,
                      "rendered": Object {
                        "instance": null,
                        "key": undefined,
                        "nodeType": "host",
                        "props": Object {
                          "children": Array [
                            <th>
                              Number
                            </th>,
                            <th>
                              Phone Number
                            </th>,
                          ],
                        },
                        "ref": null,
                        "rendered": Array [
                          Object {
                            "instance": null,
                            "key": undefined,
                            "nodeType": "host",
                            "props": Object {
                              "children": "Number",
                            },
                            "ref": null,
                            "rendered": "Number",
                            "type": "th",
                          },
                          Object {
                            "instance": null,
                            "key": undefined,
                            "nodeType": "host",
                            "props": Object {
                              "children": "Phone Number",
                            },
                            "ref": null,
                            "rendered": "Phone Number",
                            "type": "th",
                          },
                        ],
                        "type": "tr",
                      },
                      "type": "thead",
                    },
                    Object {
                      "instance": null,
                      "key": undefined,
                      "nodeType": "host",
                      "props": Object {
                        "children": <span
                          style={
                            Object {
                              "padding": "10px",
                            }
                          }
                        >
                          No phone numbers yet, generate some
                        </span>,
                      },
                      "ref": null,
                      "rendered": Object {
                        "instance": null,
                        "key": undefined,
                        "nodeType": "host",
                        "props": Object {
                          "children": "No phone numbers yet, generate some",
                          "style": Object {
                            "padding": "10px",
                          },
                        },
                        "ref": null,
                        "rendered": "No phone numbers yet, generate some",
                        "type": "span",
                      },
                      "type": "tbody",
                    },
                  ],
                  "type": "table",
                },
              ],
              "type": "div",
            },
            "type": "div",
          },
        ],
        "type": "section",
      },
    ],
    "type": "div",
  },
  Symbol(enzyme.__nodes__): Array [
    Object {
      "instance": null,
      "key": undefined,
      "nodeType": "host",
      "props": Object {
        "children": Array [
          <section
            className="input-group"
          >
            <input
              className="form-control"
              name="number"
              onChange={[Function]}
              placeholder="You can only generate 10000 phone numbers, so as not to exceed the limit"
              type="number"
              value=""
            />
            <div
              className="input-group-append"
            >
              <button
                className="btn my-button"
                onClick={[Function]}
              >
                Generate Phone Numbers
              </button>
            </div>
          </section>,
          <Error />,
          <section>
            List of phone numbers
            <div
              className="card"
            >
              <div
                className="card-body card-table"
              >
                <div
                  className="card-title in-line"
                >
                  <Sorter
                    onChange={[Function]}
                    phoneNumbers={Array []}
                  />
                </div>
                <div
                  className="stats"
                >
                  <MinMaxPhoneNumber
                    max={null}
                    min={null}
                    phoneNumbers={Array []}
                    total={0}
                  />
                </div>
                <table
                  className="table table-striped table-bordered table-sm"
                >
                  <thead>
                    <tr>
                      <th>
                        Number
                      </th>
                      <th>
                        Phone Number
                      </th>
                    </tr>
                  </thead>
                  <tbody>
                    <span
                      style={
                        Object {
                          "padding": "10px",
                        }
                      }
                    >
                      No phone numbers yet, generate some
                    </span>
                  </tbody>
                </table>
              </div>
            </div>
          </section>,
        ],
        "className": "container mt-3",
      },
      "ref": null,
      "rendered": Array [
        Object {
          "instance": null,
          "key": undefined,
          "nodeType": "host",
          "props": Object {
            "children": Array [
              <input
                className="form-control"
                name="number"
                onChange={[Function]}
                placeholder="You can only generate 10000 phone numbers, so as not to exceed the limit"
                type="number"
                value=""
              />,
              <div
                className="input-group-append"
              >
                <button
                  className="btn my-button"
                  onClick={[Function]}
                >
                  Generate Phone Numbers
                </button>
              </div>,
            ],
            "className": "input-group",
          },
          "ref": null,
          "rendered": Array [
            Object {
              "instance": null,
              "key": undefined,
              "nodeType": "host",
              "props": Object {
                "className": "form-control",
                "name": "number",
                "onChange": [Function],
                "placeholder": "You can only generate 10000 phone numbers, so as not to exceed the limit",
                "type": "number",
                "value": "",
              },
              "ref": null,
              "rendered": null,
              "type": "input",
            },
            Object {
              "instance": null,
              "key": undefined,
              "nodeType": "host",
              "props": Object {
                "children": <button
                  className="btn my-button"
                  onClick={[Function]}
                >
                  Generate Phone Numbers
                </button>,
                "className": "input-group-append",
              },
              "ref": null,
              "rendered": Object {
                "instance": null,
                "key": undefined,
                "nodeType": "host",
                "props": Object {
                  "children": "Generate Phone Numbers",
                  "className": "btn my-button",
                  "onClick": [Function],
                },
                "ref": null,
                "rendered": "Generate Phone Numbers",
                "type": "button",
              },
              "type": "div",
            },
          ],
          "type": "section",
        },
        Object {
          "instance": null,
          "key": undefined,
          "nodeType": "function",
          "props": Object {
            "error": undefined,
            "message": undefined,
          },
          "ref": null,
          "rendered": null,
          "type": [Function],
        },
        Object {
          "instance": null,
          "key": undefined,
          "nodeType": "host",
          "props": Object {
            "children": Array [
              "List of phone numbers",
              <div
                className="card"
              >
                <div
                  className="card-body card-table"
                >
                  <div
                    className="card-title in-line"
                  >
                    <Sorter
                      onChange={[Function]}
                      phoneNumbers={Array []}
                    />
                  </div>
                  <div
                    className="stats"
                  >
                    <MinMaxPhoneNumber
                      max={null}
                      min={null}
                      phoneNumbers={Array []}
                      total={0}
                    />
                  </div>
                  <table
                    className="table table-striped table-bordered table-sm"
                  >
                    <thead>
                      <tr>
                        <th>
                          Number
                        </th>
                        <th>
                          Phone Number
                        </th>
                      </tr>
                    </thead>
                    <tbody>
                      <span
                        style={
                          Object {
                            "padding": "10px",
                          }
                        }
                      >
                        No phone numbers yet, generate some
                      </span>
                    </tbody>
                  </table>
                </div>
              </div>,
            ],
          },
          "ref": null,
          "rendered": Array [
            "List of phone numbers",
            Object {
              "instance": null,
              "key": undefined,
              "nodeType": "host",
              "props": Object {
                "children": <div
                  className="card-body card-table"
                >
                  <div
                    className="card-title in-line"
                  >
                    <Sorter
                      onChange={[Function]}
                      phoneNumbers={Array []}
                    />
                  </div>
                  <div
                    className="stats"
                  >
                    <MinMaxPhoneNumber
                      max={null}
                      min={null}
                      phoneNumbers={Array []}
                      total={0}
                    />
                  </div>
                  <table
                    className="table table-striped table-bordered table-sm"
                  >
                    <thead>
                      <tr>
                        <th>
                          Number
                        </th>
                        <th>
                          Phone Number
                        </th>
                      </tr>
                    </thead>
                    <tbody>
                      <span
                        style={
                          Object {
                            "padding": "10px",
                          }
                        }
                      >
                        No phone numbers yet, generate some
                      </span>
                    </tbody>
                  </table>
                </div>,
                "className": "card",
              },
              "ref": null,
              "rendered": Object {
                "instance": null,
                "key": undefined,
                "nodeType": "host",
                "props": Object {
                  "children": Array [
                    <div
                      className="card-title in-line"
                    >
                      <Sorter
                        onChange={[Function]}
                        phoneNumbers={Array []}
                      />
                    </div>,
                    <div
                      className="stats"
                    >
                      <MinMaxPhoneNumber
                        max={null}
                        min={null}
                        phoneNumbers={Array []}
                        total={0}
                      />
                    </div>,
                    <table
                      className="table table-striped table-bordered table-sm"
                    >
                      <thead>
                        <tr>
                          <th>
                            Number
                          </th>
                          <th>
                            Phone Number
                          </th>
                        </tr>
                      </thead>
                      <tbody>
                        <span
                          style={
                            Object {
                              "padding": "10px",
                            }
                          }
                        >
                          No phone numbers yet, generate some
                        </span>
                      </tbody>
                    </table>,
                  ],
                  "className": "card-body card-table",
                },
                "ref": null,
                "rendered": Array [
                  Object {
                    "instance": null,
                    "key": undefined,
                    "nodeType": "host",
                    "props": Object {
                      "children": Array [
                        <Sorter
                          onChange={[Function]}
                          phoneNumbers={Array []}
                        />,
                        null,
                      ],
                      "className": "card-title in-line",
                    },
                    "ref": null,
                    "rendered": Array [
                      Object {
                        "instance": null,
                        "key": undefined,
                        "nodeType": "function",
                        "props": Object {
                          "onChange": [Function],
                          "phoneNumbers": Array [],
                        },
                        "ref": null,
                        "rendered": null,
                        "type": [Function],
                      },
                      null,
                    ],
                    "type": "div",
                  },
                  Object {
                    "instance": null,
                    "key": undefined,
                    "nodeType": "host",
                    "props": Object {
                      "children": <MinMaxPhoneNumber
                        max={null}
                        min={null}
                        phoneNumbers={Array []}
                        total={0}
                      />,
                      "className": "stats",
                    },
                    "ref": null,
                    "rendered": Object {
                      "instance": null,
                      "key": undefined,
                      "nodeType": "function",
                      "props": Object {
                        "max": null,
                        "min": null,
                        "phoneNumbers": Array [],
                        "total": 0,
                      },
                      "ref": null,
                      "rendered": null,
                      "type": [Function],
                    },
                    "type": "div",
                  },
                  Object {
                    "instance": null,
                    "key": undefined,
                    "nodeType": "host",
                    "props": Object {
                      "children": Array [
                        <thead>
                          <tr>
                            <th>
                              Number
                            </th>
                            <th>
                              Phone Number
                            </th>
                          </tr>
                        </thead>,
                        <tbody>
                          <span
                            style={
                              Object {
                                "padding": "10px",
                              }
                            }
                          >
                            No phone numbers yet, generate some
                          </span>
                        </tbody>,
                      ],
                      "className": "table table-striped table-bordered table-sm",
                    },
                    "ref": null,
                    "rendered": Array [
                      Object {
                        "instance": null,
                        "key": undefined,
                        "nodeType": "host",
                        "props": Object {
                          "children": <tr>
                            <th>
                              Number
                            </th>
                            <th>
                              Phone Number
                            </th>
                          </tr>,
                        },
                        "ref": null,
                        "rendered": Object {
                          "instance": null,
                          "key": undefined,
                          "nodeType": "host",
                          "props": Object {
                            "children": Array [
                              <th>
                                Number
                              </th>,
                              <th>
                                Phone Number
                              </th>,
                            ],
                          },
                          "ref": null,
                          "rendered": Array [
                            Object {
                              "instance": null,
                              "key": undefined,
                              "nodeType": "host",
                              "props": Object {
                                "children": "Number",
                              },
                              "ref": null,
                              "rendered": "Number",
                              "type": "th",
                            },
                            Object {
                              "instance": null,
                              "key": undefined,
                              "nodeType": "host",
                              "props": Object {
                                "children": "Phone Number",
                              },
                              "ref": null,
                              "rendered": "Phone Number",
                              "type": "th",
                            },
                          ],
                          "type": "tr",
                        },
                        "type": "thead",
                      },
                      Object {
                        "instance": null,
                        "key": undefined,
                        "nodeType": "host",
                        "props": Object {
                          "children": <span
                            style={
                              Object {
                                "padding": "10px",
                              }
                            }
                          >
                            No phone numbers yet, generate some
                          </span>,
                        },
                        "ref": null,
                        "rendered": Object {
                          "instance": null,
                          "key": undefined,
                          "nodeType": "host",
                          "props": Object {
                            "children": "No phone numbers yet, generate some",
                            "style": Object {
                              "padding": "10px",
                            },
                          },
                          "ref": null,
                          "rendered": "No phone numbers yet, generate some",
                          "type": "span",
                        },
                        "type": "tbody",
                      },
                    ],
                    "type": "table",
                  },
                ],
                "type": "div",
              },
              "type": "div",
            },
          ],
          "type": "section",
        },
      ],
      "type": "div",
    },
  ],
  Symbol(enzyme.__options__): Object {
    "adapter": ReactSixteenAdapter {
      "options": Object {
        "enableComponentDidUpdateOnSetState": true,
        "legacyContextMode": "parent",
        "lifecycles": Object {
          "componentDidUpdate": Object {
            "onSetState": true,
          },
          "getChildContext": Object {
            "calledByRenderer": false,
          },
          "getDerivedStateFromProps": true,
          "getSnapshotBeforeUpdate": true,
          "setState": Object {
            "skipsComponentDidUpdateOnNullish": true,
          },
        },
      },
    },
  },
}
`;
